// Jest Snapshot v1, https://goo.gl/fbAQLP

exports[`MissionLists /> MissionLists snapshot 1`] = `ReactWrapper {}`;
