// Jest Snapshot v1, https://goo.gl/fbAQLP

exports[`MedicineDetails /> MedicineDetails snapshot 1`] = `ShallowWrapper {}`;
