// Jest Snapshot v1, https://goo.gl/fbAQLP

exports[`<MissionData /> MissionData snapshot 1`] = `ReactWrapper {}`;
