// Jest Snapshot v1, https://goo.gl/fbAQLP

exports[`MissionList /> MissionList snapshot 1`] = `ShallowWrapper {}`;
